Archive member included to satisfy reference by file (symbol)

../qtouch/lib/gcc\libqtm_touch_key_t814_0x0002.a(avr_touch_key_g_t814.o)
                              qtouch/touch.o (qtm_update_qtlib_timer)
../qtouch/lib/gcc\libqtm_binding_layer_t814_0x0005.a(avr_binding_layer_g_t814.o)
                              qtouch/touch.o (qmt_get_binding_layer_ptr)
../qtouch/lib/gcc\libqtm_acq_runtime_t814_0x0008.a(avr_acq_runtime_g_t814.o)
                              qtouch/touch.o (qtm_acquisition_process)
d:/atmel studio/install/7.0/toolchain/avr8/avr8-gnu-toolchain/bin/../lib/gcc/avr/5.4.0/avrxmega3/short-calls\libgcc.a(_udivmodhi4.o)
                              main.o (__udivmodhi4)
d:/atmel studio/install/7.0/toolchain/avr8/avr8-gnu-toolchain/bin/../lib/gcc/avr/5.4.0/avrxmega3/short-calls\libgcc.a(_divmodhi4.o)
                              main.o (__divmodhi4)
d:/atmel studio/install/7.0/toolchain/avr8/avr8-gnu-toolchain/bin/../lib/gcc/avr/5.4.0/avrxmega3/short-calls\libgcc.a(_exit.o)
                              D:/Atmel Studio/install/7.0/Packs/atmel/ATtiny_DFP/1.3.172/gcc/dev/attiny814/avrxmega3/short-calls/crtattiny814.o (exit)
d:/atmel studio/install/7.0/toolchain/avr8/avr8-gnu-toolchain/bin/../lib/gcc/avr/5.4.0/avrxmega3/short-calls\libgcc.a(_copy_data.o)
                              main.o (__do_copy_data)
d:/atmel studio/install/7.0/toolchain/avr8/avr8-gnu-toolchain/bin/../lib/gcc/avr/5.4.0/avrxmega3/short-calls\libgcc.a(_clear_bss.o)
                              examples/src/adc_basic_example.o (__do_clear_bss)

Allocating common symbols
Common symbol       size              file

qstate              0x1               qtouch/touch.o
edgeGroup           0x8               main.o
qtlib_key_grp_data_set1
                    0x6               qtouch/touch.o
qtm_acquisition_control_working_set_ptr
                    0x2               ../qtouch/lib/gcc\libqtm_acq_runtime_t814_0x0008.a(avr_acq_runtime_g_t814.o)
ADC_0_measurement_normalized
                    0x1               examples/src/adc_basic_example.o
interrupt_cnt       0x1               qtouch/touch.o
ptc_qtlib_node_stat1
                    0x5               qtouch/touch.o
touch_acq_signals_raw
                    0x2               qtouch/touch.o
ADC_0_measurement   0x2               examples/src/adc_basic_example.o
p_qtm_control       0x2               qtouch/touch.o
qtm_control         0x19              qtouch/touch.o
qtlib_key_data_set1
                    0x6               qtouch/touch.o
qtm_raw_data_measurements_ptr
                    0x2               ../qtouch/lib/gcc\libqtm_acq_runtime_t814_0x0008.a(avr_acq_runtime_g_t814.o)
qtm                 0x2               ../qtouch/lib/gcc\libqtm_binding_layer_t814_0x0005.a(avr_binding_layer_g_t814.o)

Discarded input sections

 .data          0x00000000        0x0 D:/Atmel Studio/install/7.0/Packs/atmel/ATtiny_DFP/1.3.172/gcc/dev/attiny814/avrxmega3/short-calls/crtattiny814.o
 .bss           0x00000000        0x0 D:/Atmel Studio/install/7.0/Packs/atmel/ATtiny_DFP/1.3.172/gcc/dev/attiny814/avrxmega3/short-calls/crtattiny814.o
 .text          0x00000000        0x0 atmel_start.o
 .data          0x00000000        0x0 atmel_start.o
 .bss           0x00000000        0x0 atmel_start.o
 .text          0x00000000        0x0 driver_isr.o
 .data          0x00000000        0x0 driver_isr.o
 .bss           0x00000000        0x0 driver_isr.o
 .text          0x00000000        0x0 examples/src/adc_basic_example.o
 .data          0x00000000        0x0 examples/src/adc_basic_example.o
 .bss           0x00000000        0x0 examples/src/adc_basic_example.o
 .text.ADC_0_test_adc_basic
                0x00000000       0x32 examples/src/adc_basic_example.o
 .debug_info    0x00000000      0x10d examples/src/adc_basic_example.o
 .debug_abbrev  0x00000000       0xa3 examples/src/adc_basic_example.o
 .debug_loc     0x00000000       0x2f examples/src/adc_basic_example.o
 .debug_aranges
                0x00000000       0x20 examples/src/adc_basic_example.o
 .debug_ranges  0x00000000       0x10 examples/src/adc_basic_example.o
 .debug_line    0x00000000       0xd3 examples/src/adc_basic_example.o
 .debug_str     0x00000000      0x219 examples/src/adc_basic_example.o
 .comment       0x00000000       0x31 examples/src/adc_basic_example.o
 .debug_frame   0x00000000       0x30 examples/src/adc_basic_example.o
 COMMON         0x00000000        0x3 examples/src/adc_basic_example.o
 .text          0x00000000        0x0 examples/src/touch_example.o
 .data          0x00000000        0x0 examples/src/touch_example.o
 .bss           0x00000000        0x0 examples/src/touch_example.o
 .text.touch_status_display
                0x00000000        0xe examples/src/touch_example.o
 .text.touch_example
                0x00000000       0x10 examples/src/touch_example.o
 .bss.key_status
                0x00000000        0x1 examples/src/touch_example.o
 .debug_info    0x00000000      0x10f examples/src/touch_example.o
 .debug_abbrev  0x00000000       0xbe examples/src/touch_example.o
 .debug_aranges
                0x00000000       0x28 examples/src/touch_example.o
 .debug_ranges  0x00000000       0x18 examples/src/touch_example.o
 .debug_line    0x00000000       0xf7 examples/src/touch_example.o
 .debug_str     0x00000000      0x1f5 examples/src/touch_example.o
 .comment       0x00000000       0x31 examples/src/touch_example.o
 .debug_frame   0x00000000       0x34 examples/src/touch_example.o
 .text          0x00000000        0x0 main.o
 .data          0x00000000        0x0 main.o
 .bss           0x00000000        0x0 main.o
 .text.TOUCH_GetTouchSignal
                0x00000000        0xa main.o
 .text.TOUCH_DeltaSmoothing
                0x00000000       0x96 main.o
 .bss.debugFilteredDeltaValue
                0x00000000        0x2 main.o
 .bss.preDebugFilteredDeltaValue
                0x00000000        0x2 main.o
 .bss.edgeFreezeStart
                0x00000000        0x1 main.o
 .bss.radiotubeCnt
                0x00000000        0x1 main.o
 .text          0x00000000        0x0 qtouch/datastreamer/datastreamer_UART_avr.o
 .data          0x00000000        0x0 qtouch/datastreamer/datastreamer_UART_avr.o
 .bss           0x00000000        0x0 qtouch/datastreamer/datastreamer_UART_avr.o
 .debug_info    0x00000000       0x5d qtouch/datastreamer/datastreamer_UART_avr.o
 .debug_abbrev  0x00000000       0x26 qtouch/datastreamer/datastreamer_UART_avr.o
 .debug_aranges
                0x00000000       0x18 qtouch/datastreamer/datastreamer_UART_avr.o
 .debug_line    0x00000000       0x1a qtouch/datastreamer/datastreamer_UART_avr.o
 .debug_str     0x00000000      0x198 qtouch/datastreamer/datastreamer_UART_avr.o
 .comment       0x00000000       0x31 qtouch/datastreamer/datastreamer_UART_avr.o
 .text          0x00000000        0x0 qtouch/touch.o
 .data          0x00000000        0x0 qtouch/touch.o
 .bss           0x00000000        0x0 qtouch/touch.o
 .text.update_sensor_node_signal
                0x00000000       0x1a qtouch/touch.o
 .text.update_sensor_node_reference
                0x00000000       0x1a qtouch/touch.o
 .text.get_sensor_cc_val
                0x00000000       0x1a qtouch/touch.o
 .text.update_sensor_cc_val
                0x00000000       0x1a qtouch/touch.o
 .text.get_sensor_state
                0x00000000       0x1e qtouch/touch.o
 .text.update_sensor_state
                0x00000000       0x1e qtouch/touch.o
 .text.calibrate_node
                0x00000000       0x2a qtouch/touch.o
 .text          0x00000000        0x0 src/ac.o
 .data          0x00000000        0x0 src/ac.o
 .bss           0x00000000        0x0 src/ac.o
 .text          0x00000000        0x0 src/adc_basic.o
 .data          0x00000000        0x0 src/adc_basic.o
 .bss           0x00000000        0x0 src/adc_basic.o
 .text.ADC_0_init
                0x00000000        0xa src/adc_basic.o
 .text.ADC_0_enable
                0x00000000        0xc src/adc_basic.o
 .text.ADC_0_disable
                0x00000000        0xc src/adc_basic.o
 .text.ADC_0_start_conversion
                0x00000000        0xc src/adc_basic.o
 .text.ADC_0_is_conversion_done
                0x00000000        0x8 src/adc_basic.o
 .text.ADC_0_get_conversion_result
                0x00000000        0xa src/adc_basic.o
 .text.ADC_0_get_conversion
                0x00000000       0x26 src/adc_basic.o
 .text.ADC_0_get_resolution
                0x00000000       0x10 src/adc_basic.o
 .debug_info    0x00000000      0x484 src/adc_basic.o
 .debug_abbrev  0x00000000      0x1bc src/adc_basic.o
 .debug_loc     0x00000000       0x89 src/adc_basic.o
 .debug_aranges
                0x00000000       0x58 src/adc_basic.o
 .debug_ranges  0x00000000       0x48 src/adc_basic.o
 .debug_line    0x00000000      0x1eb src/adc_basic.o
 .debug_str     0x00000000      0x4dc src/adc_basic.o
 .comment       0x00000000       0x31 src/adc_basic.o
 .debug_frame   0x00000000       0x94 src/adc_basic.o
 .text          0x00000000        0x0 src/bod.o
 .data          0x00000000        0x0 src/bod.o
 .bss           0x00000000        0x0 src/bod.o
 .text          0x00000000        0x0 src/clkctrl.o
 .data          0x00000000        0x0 src/clkctrl.o
 .bss           0x00000000        0x0 src/clkctrl.o
 .text          0x00000000        0x0 src/cpuint.o
 .data          0x00000000        0x0 src/cpuint.o
 .bss           0x00000000        0x0 src/cpuint.o
 .text          0x00000000        0x0 src/driver_init.o
 .data          0x00000000        0x0 src/driver_init.o
 .bss           0x00000000        0x0 src/driver_init.o
 .text.USART_initialization
                0x00000000       0x12 src/driver_init.o
 .text          0x00000000        0x0 src/protected_io.o
 .data          0x00000000        0x0 src/protected_io.o
 .bss           0x00000000        0x0 src/protected_io.o
 .text          0x00000000        0x0 src/rtc.o
 .data          0x00000000        0x0 src/rtc.o
 .bss           0x00000000        0x0 src/rtc.o
 .text          0x00000000        0x0 src/slpctrl.o
 .data          0x00000000        0x0 src/slpctrl.o
 .bss           0x00000000        0x0 src/slpctrl.o
 .text          0x00000000        0x0 src/tca.o
 .data          0x00000000        0x0 src/tca.o
 .bss           0x00000000        0x0 src/tca.o
 .text.TIMER_0_init
                0x00000000       0x18 src/tca.o
 .text.TIMER_0_Enable
                0x00000000        0x8 src/tca.o
 .text.TIMER_0_Disable
                0x00000000        0x6 src/tca.o
 .text.TIMER_0_TimeUp
                0x00000000        0x8 src/tca.o
 .text.TIMER_0_ClearFlag
                0x00000000        0x6 src/tca.o
 .text.TIMER_0_ChangeTimeUpFlag
                0x00000000        0x6 src/tca.o
 .text.TIMER_0_GetTimeUpFlag
                0x00000000        0x6 src/tca.o
 .bss.timeUpFlag
                0x00000000        0x1 src/tca.o
 .debug_info    0x00000000      0xb2b src/tca.o
 .debug_abbrev  0x00000000      0x15a src/tca.o
 .debug_aranges
                0x00000000       0x50 src/tca.o
 .debug_ranges  0x00000000       0x40 src/tca.o
 .debug_line    0x00000000      0x186 src/tca.o
 .debug_str     0x00000000      0x735 src/tca.o
 .comment       0x00000000       0x31 src/tca.o
 .debug_frame   0x00000000       0x84 src/tca.o
 .text          0x00000000        0x0 src/usart_basic.o
 .data          0x00000000        0x0 src/usart_basic.o
 .bss           0x00000000        0x0 src/usart_basic.o
 .text.USART_init
                0x00000000       0x14 src/usart_basic.o
 .text.USART_enable
                0x00000000        0xc src/usart_basic.o
 .text.USART_enable_rx
                0x00000000        0xc src/usart_basic.o
 .text.USART_enable_tx
                0x00000000        0xc src/usart_basic.o
 .text.USART_disable
                0x00000000        0xc src/usart_basic.o
 .text.USART_get_data
                0x00000000        0x6 src/usart_basic.o
 .text.USART_is_tx_ready
                0x00000000        0xc src/usart_basic.o
 .text.USART_is_rx_ready
                0x00000000        0xc src/usart_basic.o
 .text.USART_is_tx_busy
                0x00000000       0x10 src/usart_basic.o
 .text.USART_read
                0x00000000        0xe src/usart_basic.o
 .text.USART_write
                0x00000000        0xe src/usart_basic.o
 .debug_info    0x00000000      0x32a src/usart_basic.o
 .debug_abbrev  0x00000000      0x134 src/usart_basic.o
 .debug_aranges
                0x00000000       0x70 src/usart_basic.o
 .debug_ranges  0x00000000       0x60 src/usart_basic.o
 .debug_line    0x00000000      0x216 src/usart_basic.o
 .debug_str     0x00000000      0x366 src/usart_basic.o
 .comment       0x00000000       0x31 src/usart_basic.o
 .debug_frame   0x00000000       0xc4 src/usart_basic.o
 .text          0x00000000        0x0 src/vref.o
 .data          0x00000000        0x0 src/vref.o
 .bss           0x00000000        0x0 src/vref.o
 .text          0x00000000        0x0 src/wdt.o
 .data          0x00000000        0x0 src/wdt.o
 .bss           0x00000000        0x0 src/wdt.o
 .text          0x00000000        0x0 ../qtouch/lib/gcc\libqtm_touch_key_t814_0x0002.a(avr_touch_key_g_t814.o)
 .data          0x00000000        0x0 ../qtouch/lib/gcc\libqtm_touch_key_t814_0x0002.a(avr_touch_key_g_t814.o)
 .bss           0x00000000        0x0 ../qtouch/lib/gcc\libqtm_touch_key_t814_0x0002.a(avr_touch_key_g_t814.o)
 .text.qtm_key_suspend
                0x00000000       0x4e ../qtouch/lib/gcc\libqtm_touch_key_t814_0x0002.a(avr_touch_key_g_t814.o)
 .text.qtm_key_resume
                0x00000000       0x4e ../qtouch/lib/gcc\libqtm_touch_key_t814_0x0002.a(avr_touch_key_g_t814.o)
 .text.qtm_get_touch_keys_module_id
                0x00000000        0x6 ../qtouch/lib/gcc\libqtm_touch_key_t814_0x0002.a(avr_touch_key_g_t814.o)
 .text.qtm_get_touch_keys_module_ver
                0x00000000        0x4 ../qtouch/lib/gcc\libqtm_touch_key_t814_0x0002.a(avr_touch_key_g_t814.o)
 .text          0x00000000        0x0 ../qtouch/lib/gcc\libqtm_binding_layer_t814_0x0005.a(avr_binding_layer_g_t814.o)
 .data          0x00000000        0x0 ../qtouch/lib/gcc\libqtm_binding_layer_t814_0x0005.a(avr_binding_layer_g_t814.o)
 .bss           0x00000000        0x0 ../qtouch/lib/gcc\libqtm_binding_layer_t814_0x0005.a(avr_binding_layer_g_t814.o)
 .text.qtm_lib_get_state
                0x00000000        0x6 ../qtouch/lib/gcc\libqtm_binding_layer_t814_0x0005.a(avr_binding_layer_g_t814.o)
 .text.qtm_get_binding_layer_module_id
                0x00000000        0x6 ../qtouch/lib/gcc\libqtm_binding_layer_t814_0x0005.a(avr_binding_layer_g_t814.o)
 .text.qtm_get_binding_layer_module_version
                0x00000000        0x4 ../qtouch/lib/gcc\libqtm_binding_layer_t814_0x0005.a(avr_binding_layer_g_t814.o)
 .text          0x00000000        0x0 ../qtouch/lib/gcc\libqtm_acq_runtime_t814_0x0008.a(avr_acq_runtime_g_t814.o)
 .data          0x00000000        0x0 ../qtouch/lib/gcc\libqtm_acq_runtime_t814_0x0008.a(avr_acq_runtime_g_t814.o)
 .bss           0x00000000        0x0 ../qtouch/lib/gcc\libqtm_acq_runtime_t814_0x0008.a(avr_acq_runtime_g_t814.o)
 .text.qtm_autoscan_sensor_node
                0x00000000      0x238 ../qtouch/lib/gcc\libqtm_acq_runtime_t814_0x0008.a(avr_acq_runtime_g_t814.o)
 .text.qtm_autoscan_node_cancel
                0x00000000        0xe ../qtouch/lib/gcc\libqtm_acq_runtime_t814_0x0008.a(avr_acq_runtime_g_t814.o)
 .text.qtm_t81x_ptc_handler_wcomp
                0x00000000       0x8c ../qtouch/lib/gcc\libqtm_acq_runtime_t814_0x0008.a(avr_acq_runtime_g_t814.o)
 .text.qtm_ptc_de_init
                0x00000000        0xa ../qtouch/lib/gcc\libqtm_acq_runtime_t814_0x0008.a(avr_acq_runtime_g_t814.o)
 .text.qtm_t81x_acq_module_get_id
                0x00000000        0x6 ../qtouch/lib/gcc\libqtm_acq_runtime_t814_0x0008.a(avr_acq_runtime_g_t814.o)
 .text.qtm_t81x_acq_module_get_version
                0x00000000        0x4 ../qtouch/lib/gcc\libqtm_acq_runtime_t814_0x0008.a(avr_acq_runtime_g_t814.o)
 .bss.ptc_wcomp_happened_pointer
                0x00000000        0x2 ../qtouch/lib/gcc\libqtm_acq_runtime_t814_0x0008.a(avr_acq_runtime_g_t814.o)
 .text          0x00000000        0x0 d:/atmel studio/install/7.0/toolchain/avr8/avr8-gnu-toolchain/bin/../lib/gcc/avr/5.4.0/avrxmega3/short-calls\libgcc.a(_udivmodhi4.o)
 .data          0x00000000        0x0 d:/atmel studio/install/7.0/toolchain/avr8/avr8-gnu-toolchain/bin/../lib/gcc/avr/5.4.0/avrxmega3/short-calls\libgcc.a(_udivmodhi4.o)
 .bss           0x00000000        0x0 d:/atmel studio/install/7.0/toolchain/avr8/avr8-gnu-toolchain/bin/../lib/gcc/avr/5.4.0/avrxmega3/short-calls\libgcc.a(_udivmodhi4.o)
 .text.libgcc.mul
                0x00000000        0x0 d:/atmel studio/install/7.0/toolchain/avr8/avr8-gnu-toolchain/bin/../lib/gcc/avr/5.4.0/avrxmega3/short-calls\libgcc.a(_udivmodhi4.o)
 .text.libgcc   0x00000000        0x0 d:/atmel studio/install/7.0/toolchain/avr8/avr8-gnu-toolchain/bin/../lib/gcc/avr/5.4.0/avrxmega3/short-calls\libgcc.a(_udivmodhi4.o)
 .text.libgcc.prologue
                0x00000000        0x0 d:/atmel studio/install/7.0/toolchain/avr8/avr8-gnu-toolchain/bin/../lib/gcc/avr/5.4.0/avrxmega3/short-calls\libgcc.a(_udivmodhi4.o)
 .text.libgcc.builtins
                0x00000000        0x0 d:/atmel studio/install/7.0/toolchain/avr8/avr8-gnu-toolchain/bin/../lib/gcc/avr/5.4.0/avrxmega3/short-calls\libgcc.a(_udivmodhi4.o)
 .text.libgcc.fmul
                0x00000000        0x0 d:/atmel studio/install/7.0/toolchain/avr8/avr8-gnu-toolchain/bin/../lib/gcc/avr/5.4.0/avrxmega3/short-calls\libgcc.a(_udivmodhi4.o)
 .text.libgcc.fixed
                0x00000000        0x0 d:/atmel studio/install/7.0/toolchain/avr8/avr8-gnu-toolchain/bin/../lib/gcc/avr/5.4.0/avrxmega3/short-calls\libgcc.a(_udivmodhi4.o)
 .text          0x00000000        0x0 d:/atmel studio/install/7.0/toolchain/avr8/avr8-gnu-toolchain/bin/../lib/gcc/avr/5.4.0/avrxmega3/short-calls\libgcc.a(_divmodhi4.o)
 .data          0x00000000        0x0 d:/atmel studio/install/7.0/toolchain/avr8/avr8-gnu-toolchain/bin/../lib/gcc/avr/5.4.0/avrxmega3/short-calls\libgcc.a(_divmodhi4.o)
 .bss           0x00000000        0x0 d:/atmel studio/install/7.0/toolchain/avr8/avr8-gnu-toolchain/bin/../lib/gcc/avr/5.4.0/avrxmega3/short-calls\libgcc.a(_divmodhi4.o)
 .text.libgcc.mul
                0x00000000        0x0 d:/atmel studio/install/7.0/toolchain/avr8/avr8-gnu-toolchain/bin/../lib/gcc/avr/5.4.0/avrxmega3/short-calls\libgcc.a(_divmodhi4.o)
 .text.libgcc   0x00000000        0x0 d:/atmel studio/install/7.0/toolchain/avr8/avr8-gnu-toolchain/bin/../lib/gcc/avr/5.4.0/avrxmega3/short-calls\libgcc.a(_divmodhi4.o)
 .text.libgcc.prologue
                0x00000000        0x0 d:/atmel studio/install/7.0/toolchain/avr8/avr8-gnu-toolchain/bin/../lib/gcc/avr/5.4.0/avrxmega3/short-calls\libgcc.a(_divmodhi4.o)
 .text.libgcc.builtins
                0x00000000        0x0 d:/atmel studio/install/7.0/toolchain/avr8/avr8-gnu-toolchain/bin/../lib/gcc/avr/5.4.0/avrxmega3/short-calls\libgcc.a(_divmodhi4.o)
 .text.libgcc.fmul
                0x00000000        0x0 d:/atmel studio/install/7.0/toolchain/avr8/avr8-gnu-toolchain/bin/../lib/gcc/avr/5.4.0/avrxmega3/short-calls\libgcc.a(_divmodhi4.o)
 .text.libgcc.fixed
                0x00000000        0x0 d:/atmel studio/install/7.0/toolchain/avr8/avr8-gnu-toolchain/bin/../lib/gcc/avr/5.4.0/avrxmega3/short-calls\libgcc.a(_divmodhi4.o)
 .text          0x00000000        0x0 d:/atmel studio/install/7.0/toolchain/avr8/avr8-gnu-toolchain/bin/../lib/gcc/avr/5.4.0/avrxmega3/short-calls\libgcc.a(_exit.o)
 .data          0x00000000        0x0 d:/atmel studio/install/7.0/toolchain/avr8/avr8-gnu-toolchain/bin/../lib/gcc/avr/5.4.0/avrxmega3/short-calls\libgcc.a(_exit.o)
 .bss           0x00000000        0x0 d:/atmel studio/install/7.0/toolchain/avr8/avr8-gnu-toolchain/bin/../lib/gcc/avr/5.4.0/avrxmega3/short-calls\libgcc.a(_exit.o)
 .text.libgcc.mul
                0x00000000        0x0 d:/atmel studio/install/7.0/toolchain/avr8/avr8-gnu-toolchain/bin/../lib/gcc/avr/5.4.0/avrxmega3/short-calls\libgcc.a(_exit.o)
 .text.libgcc.div
                0x00000000        0x0 d:/atmel studio/install/7.0/toolchain/avr8/avr8-gnu-toolchain/bin/../lib/gcc/avr/5.4.0/avrxmega3/short-calls\libgcc.a(_exit.o)
 .text.libgcc   0x00000000        0x0 d:/atmel studio/install/7.0/toolchain/avr8/avr8-gnu-toolchain/bin/../lib/gcc/avr/5.4.0/avrxmega3/short-calls\libgcc.a(_exit.o)
 .text.libgcc.prologue
                0x00000000        0x0 d:/atmel studio/install/7.0/toolchain/avr8/avr8-gnu-toolchain/bin/../lib/gcc/avr/5.4.0/avrxmega3/short-calls\libgcc.a(_exit.o)
 .text.libgcc.builtins
                0x00000000        0x0 d:/atmel studio/install/7.0/toolchain/avr8/avr8-gnu-toolchain/bin/../lib/gcc/avr/5.4.0/avrxmega3/short-calls\libgcc.a(_exit.o)
 .text.libgcc.fmul
                0x00000000        0x0 d:/atmel studio/install/7.0/toolchain/avr8/avr8-gnu-toolchain/bin/../lib/gcc/avr/5.4.0/avrxmega3/short-calls\libgcc.a(_exit.o)
 .text.libgcc.fixed
                0x00000000        0x0 d:/atmel studio/install/7.0/toolchain/avr8/avr8-gnu-toolchain/bin/../lib/gcc/avr/5.4.0/avrxmega3/short-calls\libgcc.a(_exit.o)
 .text          0x00000000        0x0 d:/atmel studio/install/7.0/toolchain/avr8/avr8-gnu-toolchain/bin/../lib/gcc/avr/5.4.0/avrxmega3/short-calls\libgcc.a(_copy_data.o)
 .data          0x00000000        0x0 d:/atmel studio/install/7.0/toolchain/avr8/avr8-gnu-toolchain/bin/../lib/gcc/avr/5.4.0/avrxmega3/short-calls\libgcc.a(_copy_data.o)
 .bss           0x00000000        0x0 d:/atmel studio/install/7.0/toolchain/avr8/avr8-gnu-toolchain/bin/../lib/gcc/avr/5.4.0/avrxmega3/short-calls\libgcc.a(_copy_data.o)
 .text.libgcc.mul
                0x00000000        0x0 d:/atmel studio/install/7.0/toolchain/avr8/avr8-gnu-toolchain/bin/../lib/gcc/avr/5.4.0/avrxmega3/short-calls\libgcc.a(_copy_data.o)
 .text.libgcc.div
                0x00000000        0x0 d:/atmel studio/install/7.0/toolchain/avr8/avr8-gnu-toolchain/bin/../lib/gcc/avr/5.4.0/avrxmega3/short-calls\libgcc.a(_copy_data.o)
 .text.libgcc   0x00000000        0x0 d:/atmel studio/install/7.0/toolchain/avr8/avr8-gnu-toolchain/bin/../lib/gcc/avr/5.4.0/avrxmega3/short-calls\libgcc.a(_copy_data.o)
 .text.libgcc.prologue
                0x00000000        0x0 d:/atmel studio/install/7.0/toolchain/avr8/avr8-gnu-toolchain/bin/../lib/gcc/avr/5.4.0/avrxmega3/short-calls\libgcc.a(_copy_data.o)
 .text.libgcc.builtins
                0x00000000        0x0 d:/atmel studio/install/7.0/toolchain/avr8/avr8-gnu-toolchain/bin/../lib/gcc/avr/5.4.0/avrxmega3/short-calls\libgcc.a(_copy_data.o)
 .text.libgcc.fmul
                0x00000000        0x0 d:/atmel studio/install/7.0/toolchain/avr8/avr8-gnu-toolchain/bin/../lib/gcc/avr/5.4.0/avrxmega3/short-calls\libgcc.a(_copy_data.o)
 .text.libgcc.fixed
                0x00000000        0x0 d:/atmel studio/install/7.0/toolchain/avr8/avr8-gnu-toolchain/bin/../lib/gcc/avr/5.4.0/avrxmega3/short-calls\libgcc.a(_copy_data.o)
 .text          0x00000000        0x0 d:/atmel studio/install/7.0/toolchain/avr8/avr8-gnu-toolchain/bin/../lib/gcc/avr/5.4.0/avrxmega3/short-calls\libgcc.a(_clear_bss.o)
 .data          0x00000000        0x0 d:/atmel studio/install/7.0/toolchain/avr8/avr8-gnu-toolchain/bin/../lib/gcc/avr/5.4.0/avrxmega3/short-calls\libgcc.a(_clear_bss.o)
 .bss           0x00000000        0x0 d:/atmel studio/install/7.0/toolchain/avr8/avr8-gnu-toolchain/bin/../lib/gcc/avr/5.4.0/avrxmega3/short-calls\libgcc.a(_clear_bss.o)
 .text.libgcc.mul
                0x00000000        0x0 d:/atmel studio/install/7.0/toolchain/avr8/avr8-gnu-toolchain/bin/../lib/gcc/avr/5.4.0/avrxmega3/short-calls\libgcc.a(_clear_bss.o)
 .text.libgcc.div
                0x00000000        0x0 d:/atmel studio/install/7.0/toolchain/avr8/avr8-gnu-toolchain/bin/../lib/gcc/avr/5.4.0/avrxmega3/short-calls\libgcc.a(_clear_bss.o)
 .text.libgcc   0x00000000        0x0 d:/atmel studio/install/7.0/toolchain/avr8/avr8-gnu-toolchain/bin/../lib/gcc/avr/5.4.0/avrxmega3/short-calls\libgcc.a(_clear_bss.o)
 .text.libgcc.prologue
                0x00000000        0x0 d:/atmel studio/install/7.0/toolchain/avr8/avr8-gnu-toolchain/bin/../lib/gcc/avr/5.4.0/avrxmega3/short-calls\libgcc.a(_clear_bss.o)
 .text.libgcc.builtins
                0x00000000        0x0 d:/atmel studio/install/7.0/toolchain/avr8/avr8-gnu-toolchain/bin/../lib/gcc/avr/5.4.0/avrxmega3/short-calls\libgcc.a(_clear_bss.o)
 .text.libgcc.fmul
                0x00000000        0x0 d:/atmel studio/install/7.0/toolchain/avr8/avr8-gnu-toolchain/bin/../lib/gcc/avr/5.4.0/avrxmega3/short-calls\libgcc.a(_clear_bss.o)
 .text.libgcc.fixed
                0x00000000        0x0 d:/atmel studio/install/7.0/toolchain/avr8/avr8-gnu-toolchain/bin/../lib/gcc/avr/5.4.0/avrxmega3/short-calls\libgcc.a(_clear_bss.o)

Memory Configuration

Name             Origin             Length             Attributes
text             0x00000000         0x00100000         xr
data             0x00802000         0x0000ffa0         rw !x
eeprom           0x00810000         0x00010000         rw !x
fuse             0x00820000         0x00000009         rw !x
lock             0x00830000         0x00000400         rw !x
signature        0x00840000         0x00000400         rw !x
user_signatures  0x00850000         0x00000400         rw !x
*default*        0x00000000         0xffffffff

Linker script and memory map

Address of section .data set to 0x803e00
                0x00008000                __RODATA_PM_OFFSET__ = 0x8000
LOAD D:/Atmel Studio/install/7.0/Packs/atmel/ATtiny_DFP/1.3.172/gcc/dev/attiny814/avrxmega3/short-calls/crtattiny814.o
LOAD atmel_start.o
LOAD driver_isr.o
LOAD examples/src/adc_basic_example.o
LOAD examples/src/touch_example.o
LOAD main.o
LOAD qtouch/datastreamer/datastreamer_UART_avr.o
LOAD qtouch/touch.o
LOAD src/ac.o
LOAD src/adc_basic.o
LOAD src/bod.o
LOAD src/clkctrl.o
LOAD src/cpuint.o
LOAD src/driver_init.o
LOAD src/protected_io.o
LOAD src/rtc.o
LOAD src/slpctrl.o
LOAD src/tca.o
LOAD src/usart_basic.o
LOAD src/vref.o
LOAD src/wdt.o
START GROUP
LOAD ../qtouch/lib/gcc\libqtm_touch_key_t814_0x0002.a
LOAD ../qtouch/lib/gcc\libqtm_binding_layer_t814_0x0005.a
LOAD ../qtouch/lib/gcc\libqtm_acq_runtime_t814_0x0008.a
LOAD d:/atmel studio/install/7.0/toolchain/avr8/avr8-gnu-toolchain/bin/../lib/gcc/avr/5.4.0/../../../../avr/lib/avrxmega3/short-calls\libm.a
END GROUP
START GROUP
LOAD d:/atmel studio/install/7.0/toolchain/avr8/avr8-gnu-toolchain/bin/../lib/gcc/avr/5.4.0/avrxmega3/short-calls\libgcc.a
LOAD d:/atmel studio/install/7.0/toolchain/avr8/avr8-gnu-toolchain/bin/../lib/gcc/avr/5.4.0/../../../../avr/lib/avrxmega3/short-calls\libm.a
LOAD d:/atmel studio/install/7.0/toolchain/avr8/avr8-gnu-toolchain/bin/../lib/gcc/avr/5.4.0/../../../../avr/lib/avrxmega3/short-calls\libc.a
LOAD D:/Atmel Studio/install/7.0/Packs/atmel/ATtiny_DFP/1.3.172/gcc/dev/attiny814/avrxmega3/short-calls\libattiny814.a
END GROUP
                0x00100000                __TEXT_REGION_LENGTH__ = DEFINED (__TEXT_REGION_LENGTH__)?__TEXT_REGION_LENGTH__:0x100000
                0x0000ffa0                __DATA_REGION_LENGTH__ = DEFINED (__DATA_REGION_LENGTH__)?__DATA_REGION_LENGTH__:0xffa0
                0x00010000                __EEPROM_REGION_LENGTH__ = DEFINED (__EEPROM_REGION_LENGTH__)?__EEPROM_REGION_LENGTH__:0x10000
                [0x00000009]                __FUSE_REGION_LENGTH__ = DEFINED (__FUSE_REGION_LENGTH__)?__FUSE_REGION_LENGTH__:0x400
                0x00000400                __LOCK_REGION_LENGTH__ = DEFINED (__LOCK_REGION_LENGTH__)?__LOCK_REGION_LENGTH__:0x400
                0x00000400                __SIGNATURE_REGION_LENGTH__ = DEFINED (__SIGNATURE_REGION_LENGTH__)?__SIGNATURE_REGION_LENGTH__:0x400
                0x00000400                __USER_SIGNATURE_REGION_LENGTH__ = DEFINED (__USER_SIGNATURE_REGION_LENGTH__)?__USER_SIGNATURE_REGION_LENGTH__:0x400
                0x00008000                __RODATA_PM_OFFSET__ = DEFINED (__RODATA_PM_OFFSET__)?__RODATA_PM_OFFSET__:0x8000

.hash
 *(.hash)

.dynsym
 *(.dynsym)

.dynstr
 *(.dynstr)

.gnu.version
 *(.gnu.version)

.gnu.version_d
 *(.gnu.version_d)

.gnu.version_r
 *(.gnu.version_r)

.rel.init
 *(.rel.init)

.rela.init
 *(.rela.init)

.rel.text
 *(.rel.text)
 *(.rel.text.*)
 *(.rel.gnu.linkonce.t*)

.rela.text
 *(.rela.text)
 *(.rela.text.*)
 *(.rela.gnu.linkonce.t*)

.rel.fini
 *(.rel.fini)

.rela.fini
 *(.rela.fini)

.rel.rodata
 *(.rel.rodata)
 *(.rel.rodata.*)
 *(.rel.gnu.linkonce.r*)

.rela.rodata
 *(.rela.rodata)
 *(.rela.rodata.*)
 *(.rela.gnu.linkonce.r*)

.rel.data
 *(.rel.data)
 *(.rel.data.*)
 *(.rel.gnu.linkonce.d*)

.rela.data
 *(.rela.data)
 *(.rela.data.*)
 *(.rela.gnu.linkonce.d*)

.rel.ctors
 *(.rel.ctors)

.rela.ctors
 *(.rela.ctors)

.rel.dtors
 *(.rel.dtors)

.rela.dtors
 *(.rela.dtors)

.rel.got
 *(.rel.got)

.rela.got
 *(.rela.got)

.rel.bss
 *(.rel.bss)

.rela.bss
 *(.rela.bss)

.rel.plt
 *(.rel.plt)

.rela.plt
 *(.rela.plt)

.text           0x00000000     0x1ac2
 *(.vectors)
 .vectors       0x00000000       0x34 D:/Atmel Studio/install/7.0/Packs/atmel/ATtiny_DFP/1.3.172/gcc/dev/attiny814/avrxmega3/short-calls/crtattiny814.o
                0x00000000                __vector_default
                0x00000000                __vectors
 *(.vectors)
 *(.progmem.gcc*)
                0x00000034                . = ALIGN (0x2)
                0x00000034                __trampolines_start = .
 *(.trampolines)
 .trampolines   0x00000034        0x0 linker stubs
 *(.trampolines*)
                0x00000034                __trampolines_end = .
 *libprintf_flt.a:*(.progmem.data)
 *libc.a:*(.progmem.data)
 *(.progmem*)
                0x00000034                . = ALIGN (0x2)
 *(.jumptables)
 *(.jumptables*)
 *(.lowtext)
 *(.lowtext*)
                0x00000034                __ctors_start = .
 *(.ctors)
                0x00000034                __ctors_end = .
                0x00000034                __dtors_start = .
 *(.dtors)
                0x00000034                __dtors_end = .
 SORT(*)(.ctors)
 SORT(*)(.dtors)
 *(.init0)
 .init0         0x00000034        0x0 D:/Atmel Studio/install/7.0/Packs/atmel/ATtiny_DFP/1.3.172/gcc/dev/attiny814/avrxmega3/short-calls/crtattiny814.o
                0x00000034                __init
 *(.init0)
 *(.init1)
 *(.init1)
 *(.init2)
 .init2         0x00000034        0xc D:/Atmel Studio/install/7.0/Packs/atmel/ATtiny_DFP/1.3.172/gcc/dev/attiny814/avrxmega3/short-calls/crtattiny814.o
 *(.init2)
 *(.init3)
 *(.init3)
 *(.init4)
 .init4         0x00000040       0x16 d:/atmel studio/install/7.0/toolchain/avr8/avr8-gnu-toolchain/bin/../lib/gcc/avr/5.4.0/avrxmega3/short-calls\libgcc.a(_copy_data.o)
                0x00000040                __do_copy_data
 .init4         0x00000056       0x10 d:/atmel studio/install/7.0/toolchain/avr8/avr8-gnu-toolchain/bin/../lib/gcc/avr/5.4.0/avrxmega3/short-calls\libgcc.a(_clear_bss.o)
                0x00000056                __do_clear_bss
 *(.init4)
 *(.init5)
 *(.init5)
 *(.init6)
 *(.init6)
 *(.init7)
 *(.init7)
 *(.init8)
 *(.init8)
 *(.init9)
 .init9         0x00000066        0x4 D:/Atmel Studio/install/7.0/Packs/atmel/ATtiny_DFP/1.3.172/gcc/dev/attiny814/avrxmega3/short-calls/crtattiny814.o
 *(.init9)
 *(.text)
 .text          0x0000006a        0x2 D:/Atmel Studio/install/7.0/Packs/atmel/ATtiny_DFP/1.3.172/gcc/dev/attiny814/avrxmega3/short-calls/crtattiny814.o
                0x0000006a                __vector_22
                0x0000006a                __vector_1
                0x0000006a                __vector_24
                0x0000006a                __vector_12
                0x0000006a                __bad_interrupt
                0x0000006a                __vector_6
                0x0000006a                __vector_3
                0x0000006a                __vector_23
                0x0000006a                __vector_25
                0x0000006a                __vector_11
                0x0000006a                __vector_13
                0x0000006a                __vector_19
                0x0000006a                __vector_5
                0x0000006a                __vector_4
                0x0000006a                __vector_9
                0x0000006a                __vector_2
                0x0000006a                __vector_21
                0x0000006a                __vector_15
                0x0000006a                __vector_8
                0x0000006a                __vector_14
                0x0000006a                __vector_10
                0x0000006a                __vector_18
                0x0000006a                __vector_20
                0x0000006c                . = ALIGN (0x2)
 *(.text.*)
 .text.atmel_start_init
                0x0000006c        0x4 atmel_start.o
                0x0000006c                atmel_start_init
 .text.__vector_7
                0x00000070       0x4e driver_isr.o
                0x00000070                __vector_7
 .text.__vector_16
                0x000000be       0x50 driver_isr.o
                0x000000be                __vector_16
 .text.TOUCH_SetMeasureBusyFlag
                0x0000010e        0x8 main.o
                0x0000010e                TOUCH_SetMeasureBusyFlag
 .text.Radiotube_Handle
                0x00000116       0x46 main.o
                0x00000116                Radiotube_Handle
 .text.MCU_GoToSleep
                0x0000015c       0x1c main.o
                0x0000015c                MCU_GoToSleep
 .text.LowBattery
                0x00000178       0x1a main.o
                0x00000178                LowBattery
 .text.RTC_CallBack
                0x00000192       0xe6 main.o
                0x00000192                RTC_CallBack
 .text.startup.main
                0x00000278      0x2b6 main.o
                0x00000278                main
 .text.qtm_measure_complete_callback
                0x0000052e        0xc qtouch/touch.o
 .text.qtm_error_callback
                0x0000053a       0x1c qtouch/touch.o
 .text.init_complete_callback
                0x00000556       0x26 qtouch/touch.o
 .text.qtm_post_process_complete
                0x0000057c       0x26 qtouch/touch.o
 .text.Timer_set_period
                0x000005a2       0x14 qtouch/touch.o
                0x000005a2                Timer_set_period
 .text.touch_init
                0x000005b6       0x80 qtouch/touch.o
                0x000005b6                touch_init
 .text.touch_process
                0x00000636       0x64 qtouch/touch.o
                0x00000636                touch_process
 .text.touch_timer_handler
                0x0000069a       0x14 qtouch/touch.o
                0x0000069a                touch_timer_handler
 .text.get_sensor_node_signal
                0x000006ae       0x1a qtouch/touch.o
                0x000006ae                get_sensor_node_signal
 .text.get_sensor_node_reference
                0x000006c8       0x1a qtouch/touch.o
                0x000006c8                get_sensor_node_reference
 .text.__vector_17
                0x000006e2       0x46 qtouch/touch.o
                0x000006e2                __vector_17
 .text.AC_0_init
                0x00000728       0x14 src/ac.o
                0x00000728                AC_0_init
 .text.AC_0_Disable
                0x0000073c        0xa src/ac.o
                0x0000073c                AC_0_Disable
 .text.BOD_init
                0x00000746        0x4 src/bod.o
                0x00000746                BOD_init
 .text.CLKCTRL_init
                0x0000074a       0x2a src/clkctrl.o
                0x0000074a                CLKCTRL_init
 .text.CPUINT_init
                0x00000774        0x6 src/cpuint.o
                0x00000774                CPUINT_init
 .text.mcu_init
                0x0000077a       0x38 src/driver_init.o
                0x0000077a                mcu_init
 .text.AC_0_initialization
                0x000007b2       0x14 src/driver_init.o
                0x000007b2                AC_0_initialization
 .text.system_init
                0x000007c6       0x68 src/driver_init.o
                0x000007c6                system_init
 .text.protected_write_io
                0x0000082e        0x8 src/protected_io.o
                0x0000082e                protected_write_io
 .text.RTC_init
                0x00000836       0x20 src/rtc.o
                0x00000836                RTC_init
 .text.SLPCTRL_init
                0x00000856        0xa src/slpctrl.o
                0x00000856                SLPCTRL_init
 .text.VREF_0_init
                0x00000860       0x10 src/vref.o
                0x00000860                VREF_0_init
 .text.WDT_0_init
                0x00000870        0xe src/wdt.o
                0x00000870                WDT_0_init
 .text.check_for_aks_block
                0x0000087e       0xd2 ../qtouch/lib/gcc\libqtm_touch_key_t814_0x0002.a(avr_touch_key_g_t814.o)
 .text.qtm_update_qtlib_timer
                0x00000950       0x16 ../qtouch/lib/gcc\libqtm_touch_key_t814_0x0002.a(avr_touch_key_g_t814.o)
                0x00000950                qtm_update_qtlib_timer
 .text.qtm_init_sensor_key
                0x00000966       0x3e ../qtouch/lib/gcc\libqtm_touch_key_t814_0x0002.a(avr_touch_key_g_t814.o)
                0x00000966                qtm_init_sensor_key
 .text.qtm_key_sensors_process
                0x000009a4      0x748 ../qtouch/lib/gcc\libqtm_touch_key_t814_0x0002.a(avr_touch_key_g_t814.o)
                0x000009a4                qtm_key_sensors_process
 .text.qtm_error_handler
                0x000010ec       0x1c ../qtouch/lib/gcc\libqtm_binding_layer_t814_0x0005.a(avr_binding_layer_g_t814.o)
 .text.generic_callback_function
                0x00001108       0x18 ../qtouch/lib/gcc\libqtm_binding_layer_t814_0x0005.a(avr_binding_layer_g_t814.o)
 .text.qmt_get_binding_layer_ptr
                0x00001120        0xa ../qtouch/lib/gcc\libqtm_binding_layer_t814_0x0005.a(avr_binding_layer_g_t814.o)
                0x00001120                qmt_get_binding_layer_ptr
 .text.qtm_binding_layer_init
                0x0000112a       0xbc ../qtouch/lib/gcc\libqtm_binding_layer_t814_0x0005.a(avr_binding_layer_g_t814.o)
                0x0000112a                qtm_binding_layer_init
 .text.qtm_lib_start_acquisition
                0x000011e6       0x9e ../qtouch/lib/gcc\libqtm_binding_layer_t814_0x0005.a(avr_binding_layer_g_t814.o)
                0x000011e6                qtm_lib_start_acquisition
 .text.qtm_lib_acq_process
                0x00001284       0x10 ../qtouch/lib/gcc\libqtm_binding_layer_t814_0x0005.a(avr_binding_layer_g_t814.o)
                0x00001284                qtm_lib_acq_process
 .text.qtm_lib_post_process
                0x00001294      0x11a ../qtouch/lib/gcc\libqtm_binding_layer_t814_0x0005.a(avr_binding_layer_g_t814.o)
                0x00001294                qtm_lib_post_process
 .text.select_next_channel_to_measure
                0x000013ae       0x66 ../qtouch/lib/gcc\libqtm_acq_runtime_t814_0x0008.a(avr_acq_runtime_g_t814.o)
 .text.qtm_measure_node
                0x00001414      0x108 ../qtouch/lib/gcc\libqtm_acq_runtime_t814_0x0008.a(avr_acq_runtime_g_t814.o)
 .text.qtm_acquisition_process
                0x0000151c      0x2fc ../qtouch/lib/gcc\libqtm_acq_runtime_t814_0x0008.a(avr_acq_runtime_g_t814.o)
                0x0000151c                qtm_acquisition_process
 .text.qtm_ptc_init_acquisition_module
                0x00001818       0x70 ../qtouch/lib/gcc\libqtm_acq_runtime_t814_0x0008.a(avr_acq_runtime_g_t814.o)
                0x00001818                qtm_ptc_init_acquisition_module
 .text.qtm_ptc_qtlib_assign_signal_memory
                0x00001888       0x14 ../qtouch/lib/gcc\libqtm_acq_runtime_t814_0x0008.a(avr_acq_runtime_g_t814.o)
                0x00001888                qtm_ptc_qtlib_assign_signal_memory
 .text.qtm_ptc_start_measurement_seq
                0x0000189c       0xc0 ../qtouch/lib/gcc\libqtm_acq_runtime_t814_0x0008.a(avr_acq_runtime_g_t814.o)
                0x0000189c                qtm_ptc_start_measurement_seq
 .text.qtm_enable_sensor_node
                0x0000195c       0x3e ../qtouch/lib/gcc\libqtm_acq_runtime_t814_0x0008.a(avr_acq_runtime_g_t814.o)
                0x0000195c                qtm_enable_sensor_node
 .text.qtm_calibrate_sensor_node
                0x0000199a       0x82 ../qtouch/lib/gcc\libqtm_acq_runtime_t814_0x0008.a(avr_acq_runtime_g_t814.o)
                0x0000199a                qtm_calibrate_sensor_node
 .text.qtm_t81x_ptc_handler_eoc
                0x00001a1c       0x54 ../qtouch/lib/gcc\libqtm_acq_runtime_t814_0x0008.a(avr_acq_runtime_g_t814.o)
                0x00001a1c                qtm_t81x_ptc_handler_eoc
 .text.libgcc.div
                0x00001a70       0x28 d:/atmel studio/install/7.0/toolchain/avr8/avr8-gnu-toolchain/bin/../lib/gcc/avr/5.4.0/avrxmega3/short-calls\libgcc.a(_udivmodhi4.o)
                0x00001a70                __udivmodhi4
 .text.libgcc.div
                0x00001a98       0x26 d:/atmel studio/install/7.0/toolchain/avr8/avr8-gnu-toolchain/bin/../lib/gcc/avr/5.4.0/avrxmega3/short-calls\libgcc.a(_divmodhi4.o)
                0x00001a98                _div
                0x00001a98                __divmodhi4
                0x00001abe                . = ALIGN (0x2)
 *(.fini9)
 .fini9         0x00001abe        0x0 d:/atmel studio/install/7.0/toolchain/avr8/avr8-gnu-toolchain/bin/../lib/gcc/avr/5.4.0/avrxmega3/short-calls\libgcc.a(_exit.o)
                0x00001abe                _exit
                0x00001abe                exit
 *(.fini9)
 *(.fini8)
 *(.fini8)
 *(.fini7)
 *(.fini7)
 *(.fini6)
 *(.fini6)
 *(.fini5)
 *(.fini5)
 *(.fini4)
 *(.fini4)
 *(.fini3)
 *(.fini3)
 *(.fini2)
 *(.fini2)
 *(.fini1)
 *(.fini1)
 *(.fini0)
 .fini0         0x00001abe        0x4 d:/atmel studio/install/7.0/toolchain/avr8/avr8-gnu-toolchain/bin/../lib/gcc/avr/5.4.0/avrxmega3/short-calls\libgcc.a(_exit.o)
 *(.fini0)
                0x00001ac2                _etext = .

.rodata         0x00009ac2        0x6 load address 0x00001ac2
 *(.rodata)
 *(.rodata*)
 .rodata.gain_setting_int_cap
                0x00009ac2        0x6 ../qtouch/lib/gcc\libqtm_acq_runtime_t814_0x0008.a(avr_acq_runtime_g_t814.o)
 *(.gnu.linkonce.r*)

.data           0x00803e00       0x46 load address 0x00001ac8
                0x00803e00                PROVIDE (__data_start, .)
 *(.data)
 *(.data*)
 .data.TouchSignal
                0x00803e00        0x2 main.o
                0x00803e00                TouchSignal
 .data.measeurePeriod
                0x00803e02        0x1 main.o
                0x00803e02                measeurePeriod
 .data.RadiotubeState
                0x00803e03        0x1 main.o
                0x00803e03                RadiotubeState
 .data.WEAK_EDGE_THRESHOLD
                0x00803e04        0x2 main.o
                0x00803e04                WEAK_EDGE_THRESHOLD
 .data.STRONG_EDGE_THRESHOLD
                0x00803e06        0x2 main.o
                0x00803e06                STRONG_EDGE_THRESHOLD
 .data.library_module_proc_data_model
                0x00803e08        0x4 qtouch/touch.o
                0x00803e08                library_module_proc_data_model
 .data.library_module_acq_engine_data_model
                0x00803e0c        0x4 qtouch/touch.o
                0x00803e0c                library_module_acq_engine_data_model
 .data.library_modules_acq_engines
                0x00803e10        0x4 qtouch/touch.o
                0x00803e10                library_modules_acq_engines
 .data.library_module_init_data_models
                0x00803e14        0x4 qtouch/touch.o
                0x00803e14                library_module_init_data_models
 .data.library_modules_proc
                0x00803e18        0x4 qtouch/touch.o
                0x00803e18                library_modules_proc
 .data.library_modules_init
                0x00803e1c        0x4 qtouch/touch.o
                0x00803e1c                library_modules_init
 .data.qtlib_key_set1
                0x00803e20        0x8 qtouch/touch.o
                0x00803e20                qtlib_key_set1
 .data.qtlib_key_configs_set1
                0x00803e28        0x3 qtouch/touch.o
                0x00803e28                qtlib_key_configs_set1
 .data.qtlib_key_grp_config_set1
                0x00803e2b        0xa qtouch/touch.o
                0x00803e2b                qtlib_key_grp_config_set1
 .data.qtlib_acq_set1
                0x00803e35        0x6 qtouch/touch.o
                0x00803e35                qtlib_acq_set1
 .data.ptc_seq_node_cfg1
                0x00803e3b        0x6 qtouch/touch.o
                0x00803e3b                ptc_seq_node_cfg1
 .data.ptc_qtlib_acq_gen1
                0x00803e41        0x5 qtouch/touch.o
                0x00803e41                ptc_qtlib_acq_gen1
 *(.gnu.linkonce.d*)
                0x00803e46                . = ALIGN (0x2)
                0x00803e46                _edata = .
                0x00803e46                PROVIDE (__data_end, .)

.bss            0x00803e46       0x62
                0x00803e46                PROVIDE (__bss_start, .)
 *(.bss)
 *(.bss*)
 .bss.edgeGroupPtr
                0x00803e46        0x1 main.o
                0x00803e46                edgeGroupPtr
 .bss.ignoreTime
                0x00803e47        0x1 main.o
                0x00803e47                ignoreTime
 .bss.AC_TimeCnt
                0x00803e48        0x2 main.o
                0x00803e48                AC_TimeCnt
 .bss.TouchSignalGroupPtr
                0x00803e4a        0x1 main.o
                0x00803e4a                TouchSignalGroupPtr
 .bss.TouchSignalGroup
                0x00803e4b        0x4 main.o
                0x00803e4b                TouchSignalGroup
 .bss.measureBusyFlag
                0x00803e4f        0x1 main.o
                0x00803e4f                measureBusyFlag
 .bss.preFilteredDeltaValue
                0x00803e50        0x2 main.o
                0x00803e50                preFilteredDeltaValue
 .bss.filteredDeltaValue
                0x00803e52        0x2 main.o
                0x00803e52                filteredDeltaValue
 .bss.edgeFreezeCnt
                0x00803e54        0x2 main.o
                0x00803e54                edgeFreezeCnt
 .bss.edgeDetectFreeze
                0x00803e56        0x1 main.o
                0x00803e56                edgeDetectFreeze
 .bss.RadiotubeOnTime
                0x00803e57        0x4 main.o
                0x00803e57                RadiotubeOnTime
 .bss.fingerOnCnt
                0x00803e5b        0x2 main.o
                0x00803e5b                fingerOnCnt
 .bss.SensorState
                0x00803e5d        0x1 main.o
                0x00803e5d                SensorState
 .bss.module_error_code
                0x00803e5e        0x1 qtouch/touch.o
                0x00803e5e                module_error_code
 .bss.measurement_done_touch
                0x00803e5f        0x1 qtouch/touch.o
                0x00803e5f                measurement_done_touch
 .bss.qtm_local_ms_timecount
                0x00803e60        0x2 ../qtouch/lib/gcc\libqtm_touch_key_t814_0x0002.a(avr_touch_key_g_t814.o)
                0x00803e60                qtm_local_ms_timecount
 .bss.errors    0x00803e62        0x1 ../qtouch/lib/gcc\libqtm_binding_layer_t814_0x0005.a(avr_binding_layer_g_t814.o)
 .bss.current_process_id
                0x00803e63        0x1 ../qtouch/lib/gcc\libqtm_binding_layer_t814_0x0005.a(avr_binding_layer_g_t814.o)
 .bss.qtm_state
                0x00803e64        0x1 ../qtouch/lib/gcc\libqtm_binding_layer_t814_0x0005.a(avr_binding_layer_g_t814.o)
                0x00803e64                qtm_state
 .bss.ptc_seq_measure_complete_pointer
                0x00803e65        0x2 ../qtouch/lib/gcc\libqtm_acq_runtime_t814_0x0008.a(avr_acq_runtime_g_t814.o)
 .bss.touch_seq_lib_state
                0x00803e67        0x1 ../qtouch/lib/gcc\libqtm_acq_runtime_t814_0x0008.a(avr_acq_runtime_g_t814.o)
 .bss.current_measure_channel
                0x00803e68        0x2 ../qtouch/lib/gcc\libqtm_acq_runtime_t814_0x0008.a(avr_acq_runtime_g_t814.o)
 *(COMMON)
 COMMON         0x00803e6a        0x8 main.o
                0x00803e6a                edgeGroup
 COMMON         0x00803e72       0x30 qtouch/touch.o
                0x00803e72                qstate
                0x00803e73                qtlib_key_grp_data_set1
                0x00803e79                interrupt_cnt
                0x00803e7a                ptc_qtlib_node_stat1
                0x00803e7f                touch_acq_signals_raw
                0x00803e81                p_qtm_control
                0x00803e83                qtm_control
                0x00803e9c                qtlib_key_data_set1
 COMMON         0x00803ea2        0x2 ../qtouch/lib/gcc\libqtm_binding_layer_t814_0x0005.a(avr_binding_layer_g_t814.o)
                0x00803ea2                qtm
 COMMON         0x00803ea4        0x4 ../qtouch/lib/gcc\libqtm_acq_runtime_t814_0x0008.a(avr_acq_runtime_g_t814.o)
                0x00803ea4                qtm_acquisition_control_working_set_ptr
                0x00803ea6                qtm_raw_data_measurements_ptr
                0x00803ea8                PROVIDE (__bss_end, .)
                0x00001ac8                __data_load_start = LOADADDR (.data)
                0x00001b0e                __data_load_end = (__data_load_start + SIZEOF (.data))

.noinit         0x00803ea8        0x0
                [!provide]                PROVIDE (__noinit_start, .)
 *(.noinit*)
                [!provide]                PROVIDE (__noinit_end, .)
                0x00803ea8                _end = .
                [!provide]                PROVIDE (__heap_start, .)

.eeprom         0x00810000        0x0
 *(.eeprom*)
                0x00810000                __eeprom_end = .

.fuse
 *(.fuse)
 *(.lfuse)
 *(.hfuse)
 *(.efuse)

.lock
 *(.lock*)

.signature
 *(.signature*)

.user_signatures
 *(.user_signatures*)

.stab
 *(.stab)

.stabstr
 *(.stabstr)

.stab.excl
 *(.stab.excl)

.stab.exclstr
 *(.stab.exclstr)

.stab.index
 *(.stab.index)

.stab.indexstr
 *(.stab.indexstr)

.comment        0x00000000       0x30
 *(.comment)
 .comment       0x00000000       0x30 atmel_start.o
                                 0x31 (size before relaxing)
 .comment       0x00000030       0x31 driver_isr.o
 .comment       0x00000030       0x31 main.o
 .comment       0x00000030       0x31 qtouch/touch.o
 .comment       0x00000030       0x31 src/ac.o
 .comment       0x00000030       0x31 src/bod.o
 .comment       0x00000030       0x31 src/clkctrl.o
 .comment       0x00000030       0x31 src/cpuint.o
 .comment       0x00000030       0x31 src/driver_init.o
 .comment       0x00000030       0x31 src/rtc.o
 .comment       0x00000030       0x31 src/slpctrl.o
 .comment       0x00000030       0x31 src/vref.o
 .comment       0x00000030       0x31 src/wdt.o
 .comment       0x00000030       0x31 ../qtouch/lib/gcc\libqtm_touch_key_t814_0x0002.a(avr_touch_key_g_t814.o)
 .comment       0x00000030       0x31 ../qtouch/lib/gcc\libqtm_binding_layer_t814_0x0005.a(avr_binding_layer_g_t814.o)
 .comment       0x00000030       0x31 ../qtouch/lib/gcc\libqtm_acq_runtime_t814_0x0008.a(avr_acq_runtime_g_t814.o)

.note.gnu.avr.deviceinfo
                0x00000000       0x3c
 .note.gnu.avr.deviceinfo
                0x00000000       0x3c D:/Atmel Studio/install/7.0/Packs/atmel/ATtiny_DFP/1.3.172/gcc/dev/attiny814/avrxmega3/short-calls/crtattiny814.o

.note.gnu.build-id
 *(.note.gnu.build-id)

.debug
 *(.debug)

.line
 *(.line)

.debug_srcinfo
 *(.debug_srcinfo)

.debug_sfnames
 *(.debug_sfnames)

.debug_aranges  0x00000000      0x2a8
 *(.debug_aranges)
 .debug_aranges
                0x00000000       0x20 atmel_start.o
 .debug_aranges
                0x00000020       0x28 driver_isr.o
 .debug_aranges
                0x00000048       0x58 main.o
 .debug_aranges
                0x000000a0       0xa8 qtouch/touch.o
 .debug_aranges
                0x00000148       0x28 src/ac.o
 .debug_aranges
                0x00000170       0x20 src/bod.o
 .debug_aranges
                0x00000190       0x20 src/clkctrl.o
 .debug_aranges
                0x000001b0       0x20 src/cpuint.o
 .debug_aranges
                0x000001d0       0x38 src/driver_init.o
 .debug_aranges
                0x00000208       0x20 src/protected_io.o
 .debug_aranges
                0x00000228       0x20 src/rtc.o
 .debug_aranges
                0x00000248       0x20 src/slpctrl.o
 .debug_aranges
                0x00000268       0x20 src/vref.o
 .debug_aranges
                0x00000288       0x20 src/wdt.o

.debug_pubnames
 *(.debug_pubnames)

.debug_info     0x00000000     0x5c37
 *(.debug_info .gnu.linkonce.wi.*)
 .debug_info    0x00000000     0x16bc D:/Atmel Studio/install/7.0/Packs/atmel/ATtiny_DFP/1.3.172/gcc/dev/attiny814/avrxmega3/short-calls/crtattiny814.o
 .debug_info    0x000016bc       0xb1 atmel_start.o
 .debug_info    0x0000176d      0x42d driver_isr.o
 .debug_info    0x00001b9a      0xb8f main.o
 .debug_info    0x00002729     0x1593 qtouch/touch.o
 .debug_info    0x00003cbc      0x1d8 src/ac.o
 .debug_info    0x00003e94       0x8d src/bod.o
 .debug_info    0x00003f21      0x43e src/clkctrl.o
 .debug_info    0x0000435f       0x8d src/cpuint.o
 .debug_info    0x000043ec      0xfbf src/driver_init.o
 .debug_info    0x000053ab       0x77 src/protected_io.o
 .debug_info    0x00005422      0x3ec src/rtc.o
 .debug_info    0x0000580e      0x104 src/slpctrl.o
 .debug_info    0x00005912       0xf8 src/vref.o
 .debug_info    0x00005a0a      0x22d src/wdt.o

.debug_abbrev   0x00000000     0x254b
 *(.debug_abbrev)
 .debug_abbrev  0x00000000     0x1582 D:/Atmel Studio/install/7.0/Packs/atmel/ATtiny_DFP/1.3.172/gcc/dev/attiny814/avrxmega3/short-calls/crtattiny814.o
 .debug_abbrev  0x00001582       0x71 atmel_start.o
 .debug_abbrev  0x000015f3      0x106 driver_isr.o
 .debug_abbrev  0x000016f9      0x365 main.o
 .debug_abbrev  0x00001a5e      0x388 qtouch/touch.o
 .debug_abbrev  0x00001de6       0xa8 src/ac.o
 .debug_abbrev  0x00001e8e       0x51 src/bod.o
 .debug_abbrev  0x00001edf      0x11f src/clkctrl.o
 .debug_abbrev  0x00001ffe       0x51 src/cpuint.o
 .debug_abbrev  0x0000204f      0x1f6 src/driver_init.o
 .debug_abbrev  0x00002245       0x14 src/protected_io.o
 .debug_abbrev  0x00002259       0xe5 src/rtc.o
 .debug_abbrev  0x0000233e       0x9d src/slpctrl.o
 .debug_abbrev  0x000023db       0x6b src/vref.o
 .debug_abbrev  0x00002446      0x105 src/wdt.o

.debug_line     0x00000000     0x177b
 *(.debug_line .debug_line.* .debug_line_end)
 .debug_line    0x00000000      0x136 D:/Atmel Studio/install/7.0/Packs/atmel/ATtiny_DFP/1.3.172/gcc/dev/attiny814/avrxmega3/short-calls/crtattiny814.o
 .debug_line    0x00000136       0x8b atmel_start.o
 .debug_line    0x000001c1      0x16a driver_isr.o
 .debug_line    0x0000032b      0x53e main.o
 .debug_line    0x00000869      0x450 qtouch/touch.o
 .debug_line    0x00000cb9      0x118 src/ac.o
 .debug_line    0x00000dd1       0x96 src/bod.o
 .debug_line    0x00000e67      0x128 src/clkctrl.o
 .debug_line    0x00000f8f       0x9f src/cpuint.o
 .debug_line    0x0000102e      0x2e7 src/driver_init.o
 .debug_line    0x00001315       0x55 src/protected_io.o
 .debug_line    0x0000136a      0x10c src/rtc.o
 .debug_line    0x00001476       0xf4 src/slpctrl.o
 .debug_line    0x0000156a       0xf7 src/vref.o
 .debug_line    0x00001661      0x11a src/wdt.o

.debug_frame    0x00000000      0x488
 *(.debug_frame)
 .debug_frame   0x00000000       0x24 atmel_start.o
 .debug_frame   0x00000024       0xc4 driver_isr.o
 .debug_frame   0x000000e8       0x94 main.o
 .debug_frame   0x0000017c      0x188 qtouch/touch.o
 .debug_frame   0x00000304       0x34 src/ac.o
 .debug_frame   0x00000338       0x24 src/bod.o
 .debug_frame   0x0000035c       0x24 src/clkctrl.o
 .debug_frame   0x00000380       0x24 src/cpuint.o
 .debug_frame   0x000003a4       0x54 src/driver_init.o
 .debug_frame   0x000003f8       0x24 src/rtc.o
 .debug_frame   0x0000041c       0x24 src/slpctrl.o
 .debug_frame   0x00000440       0x24 src/vref.o
 .debug_frame   0x00000464       0x24 src/wdt.o

.debug_str      0x00000000     0x2dd5
 *(.debug_str)
 .debug_str     0x00000000      0x9a7 D:/Atmel Studio/install/7.0/Packs/atmel/ATtiny_DFP/1.3.172/gcc/dev/attiny814/avrxmega3/short-calls/crtattiny814.o
 .debug_str     0x000009a7      0x170 atmel_start.o
                                0x1a4 (size before relaxing)
 .debug_str     0x00000b17      0x208 driver_isr.o
                                0x397 (size before relaxing)
 .debug_str     0x00000d1f      0x3e2 main.o
                                0x625 (size before relaxing)
 .debug_str     0x00001101     0x10c7 qtouch/touch.o
                               0x14d6 (size before relaxing)
 .debug_str     0x000021c8      0x143 src/ac.o
                                0x343 (size before relaxing)
 .debug_str     0x0000230b       0x16 src/bod.o
                                0x186 (size before relaxing)
 .debug_str     0x00002321      0x284 src/clkctrl.o
                                0x516 (size before relaxing)
 .debug_str     0x000025a5       0x1c src/cpuint.o
                                0x18c (size before relaxing)
 .debug_str     0x000025c1      0x299 src/driver_init.o
                                0x663 (size before relaxing)
 .debug_str     0x0000285a      0x1ba src/rtc.o
                                0x4bc (size before relaxing)
 .debug_str     0x00002a14       0x81 src/slpctrl.o
                                0x226 (size before relaxing)
 .debug_str     0x00002a95      0x122 src/vref.o
                                0x2a6 (size before relaxing)
 .debug_str     0x00002bb7      0x21e src/wdt.o
                                0x406 (size before relaxing)

.debug_loc      0x00000000      0xe44
 *(.debug_loc)
 .debug_loc     0x00000000      0x196 driver_isr.o
 .debug_loc     0x00000196      0x491 main.o
 .debug_loc     0x00000627      0x321 qtouch/touch.o
 .debug_loc     0x00000948       0x52 src/clkctrl.o
 .debug_loc     0x0000099a      0x480 src/driver_init.o
 .debug_loc     0x00000e1a       0x2a src/wdt.o

.debug_macinfo
 *(.debug_macinfo)

.debug_weaknames
 *(.debug_weaknames)

.debug_funcnames
 *(.debug_funcnames)

.debug_typenames
 *(.debug_typenames)

.debug_varnames
 *(.debug_varnames)

.debug_pubtypes
 *(.debug_pubtypes)

.debug_ranges   0x00000000      0x1e8
 *(.debug_ranges)
 .debug_ranges  0x00000000       0x10 atmel_start.o
 .debug_ranges  0x00000010       0x18 driver_isr.o
 .debug_ranges  0x00000028       0x78 main.o
 .debug_ranges  0x000000a0       0x98 qtouch/touch.o
 .debug_ranges  0x00000138       0x18 src/ac.o
 .debug_ranges  0x00000150       0x10 src/bod.o
 .debug_ranges  0x00000160       0x10 src/clkctrl.o
 .debug_ranges  0x00000170       0x10 src/cpuint.o
 .debug_ranges  0x00000180       0x28 src/driver_init.o
 .debug_ranges  0x000001a8       0x10 src/rtc.o
 .debug_ranges  0x000001b8       0x10 src/slpctrl.o
 .debug_ranges  0x000001c8       0x10 src/vref.o
 .debug_ranges  0x000001d8       0x10 src/wdt.o

.debug_macro
 *(.debug_macro)
OUTPUT(Attiny814Code.elf elf32-avr)
LOAD linker stubs
